CitizenMap.tsx(160,92): error TS2339: Property 'name' does not exist on type 'never'.
CitizenMap.tsx(200,67): error TS2339: Property 'latitude' does not exist on type 'never'.
CitizenMap.tsx(200,90): error TS2339: Property 'longitude' does not exist on type 'never'.
LanguageContext.tsx(2,28): error TS2307: Cannot find module './src/locales/en.json' or its corresponding type declarations.
LanguageContext.tsx(3,28): error TS2307: Cannot find module './src/locales/hi.json' or its corresponding type declarations.
